<html>
<body>
<pre>
<h1>µVision Build Log</h1>
<h2>Project:</h2>
C:\Users\sahil bhandekar\Desktop\vector\mini project\personal mini project\UART Based Temparature monitaring\temperature monitor.uvproj
Project File Date:  05/01/2025

<h2>Output:</h2>
Build target 'Target 1'
linking...
Program Size: Code=7352 RO-data=36 RW-data=0 ZI-data=1256  
FromELF: creating hex file...
".\temperature monitor.axf" - 0 Error(s), 0 Warning(s).
</pre>
</body>
</html>
), 0 Warning(s).
RW-data=0 ZI-data=1256  
FromELF: creating hex file...
".\temperature monitor.axf" - 0 Error(s), 1 Warning(s).
 (!(AD1GDR & (1U << 31)));
main.c: 0 warnings, 3 errors
compiling uart.c...
".\temperature monitor.axf" - 3 Error(s), 0 Warning(s).
Target not created
